Archive member included because of file (symbol)

e:/data-2/embedded systems/imt school/01- imt sdk-20220715t104333z-001/01- imt sdk/imt_sdk_win_64/imt_sdk_win_64/winavr/bin/../lib/gcc/avr/4.3.3/avr5\libgcc.a(_exit.o)
                              e:/data-2/embedded systems/imt school/01- imt sdk-20220715t104333z-001/01- imt sdk/imt_sdk_win_64/imt_sdk_win_64/winavr/bin/../lib/gcc/avr/4.3.3/../../../../avr/lib/avr5/crtm32.o (exit)
e:/data-2/embedded systems/imt school/01- imt sdk-20220715t104333z-001/01- imt sdk/imt_sdk_win_64/imt_sdk_win_64/winavr/bin/../lib/gcc/avr/4.3.3/avr5\libgcc.a(_copy_data.o)
                              ./MCAL/USART/usart_program.o (__do_copy_data)
e:/data-2/embedded systems/imt school/01- imt sdk-20220715t104333z-001/01- imt sdk/imt_sdk_win_64/imt_sdk_win_64/winavr/bin/../lib/gcc/avr/4.3.3/avr5\libgcc.a(_clear_bss.o)
                              ./MCAL/USART/usart_program.o (__do_clear_bss)
e:/data-2/embedded systems/imt school/01- imt sdk-20220715t104333z-001/01- imt sdk/imt_sdk_win_64/imt_sdk_win_64/winavr/bin/../lib/gcc/avr/4.3.3/avr5\libgcc.a(_fixunssfsi.o)
                              ./MCAL/TIMER1/timer1_program.o (__fixunssfsi)
e:/data-2/embedded systems/imt school/01- imt sdk-20220715t104333z-001/01- imt sdk/imt_sdk_win_64/imt_sdk_win_64/winavr/bin/../lib/gcc/avr/4.3.3/avr5\libgcc.a(_addsub_sf.o)
                              e:/data-2/embedded systems/imt school/01- imt sdk-20220715t104333z-001/01- imt sdk/imt_sdk_win_64/imt_sdk_win_64/winavr/bin/../lib/gcc/avr/4.3.3/avr5\libgcc.a(_fixunssfsi.o) (__subsf3)
e:/data-2/embedded systems/imt school/01- imt sdk-20220715t104333z-001/01- imt sdk/imt_sdk_win_64/imt_sdk_win_64/winavr/bin/../lib/gcc/avr/4.3.3/avr5\libgcc.a(_mul_sf.o)
                              ./MCAL/TIMER1/timer1_program.o (__mulsf3)
e:/data-2/embedded systems/imt school/01- imt sdk-20220715t104333z-001/01- imt sdk/imt_sdk_win_64/imt_sdk_win_64/winavr/bin/../lib/gcc/avr/4.3.3/avr5\libgcc.a(_gt_sf.o)
                              ./MCAL/TIMER1/timer1_program.o (__gtsf2)
e:/data-2/embedded systems/imt school/01- imt sdk-20220715t104333z-001/01- imt sdk/imt_sdk_win_64/imt_sdk_win_64/winavr/bin/../lib/gcc/avr/4.3.3/avr5\libgcc.a(_ge_sf.o)
                              e:/data-2/embedded systems/imt school/01- imt sdk-20220715t104333z-001/01- imt sdk/imt_sdk_win_64/imt_sdk_win_64/winavr/bin/../lib/gcc/avr/4.3.3/avr5\libgcc.a(_fixunssfsi.o) (__gesf2)
e:/data-2/embedded systems/imt school/01- imt sdk-20220715t104333z-001/01- imt sdk/imt_sdk_win_64/imt_sdk_win_64/winavr/bin/../lib/gcc/avr/4.3.3/avr5\libgcc.a(_lt_sf.o)
                              ./MCAL/TIMER1/timer1_program.o (__ltsf2)
e:/data-2/embedded systems/imt school/01- imt sdk-20220715t104333z-001/01- imt sdk/imt_sdk_win_64/imt_sdk_win_64/winavr/bin/../lib/gcc/avr/4.3.3/avr5\libgcc.a(_sf_to_si.o)
                              e:/data-2/embedded systems/imt school/01- imt sdk-20220715t104333z-001/01- imt sdk/imt_sdk_win_64/imt_sdk_win_64/winavr/bin/../lib/gcc/avr/4.3.3/avr5\libgcc.a(_fixunssfsi.o) (__fixsfsi)
e:/data-2/embedded systems/imt school/01- imt sdk-20220715t104333z-001/01- imt sdk/imt_sdk_win_64/imt_sdk_win_64/winavr/bin/../lib/gcc/avr/4.3.3/avr5\libgcc.a(_thenan_sf.o)
                              e:/data-2/embedded systems/imt school/01- imt sdk-20220715t104333z-001/01- imt sdk/imt_sdk_win_64/imt_sdk_win_64/winavr/bin/../lib/gcc/avr/4.3.3/avr5\libgcc.a(_addsub_sf.o) (__thenan_sf)
e:/data-2/embedded systems/imt school/01- imt sdk-20220715t104333z-001/01- imt sdk/imt_sdk_win_64/imt_sdk_win_64/winavr/bin/../lib/gcc/avr/4.3.3/avr5\libgcc.a(_prologue.o)
                              e:/data-2/embedded systems/imt school/01- imt sdk-20220715t104333z-001/01- imt sdk/imt_sdk_win_64/imt_sdk_win_64/winavr/bin/../lib/gcc/avr/4.3.3/avr5\libgcc.a(_addsub_sf.o) (__prologue_saves__)
e:/data-2/embedded systems/imt school/01- imt sdk-20220715t104333z-001/01- imt sdk/imt_sdk_win_64/imt_sdk_win_64/winavr/bin/../lib/gcc/avr/4.3.3/avr5\libgcc.a(_epilogue.o)
                              e:/data-2/embedded systems/imt school/01- imt sdk-20220715t104333z-001/01- imt sdk/imt_sdk_win_64/imt_sdk_win_64/winavr/bin/../lib/gcc/avr/4.3.3/avr5\libgcc.a(_addsub_sf.o) (__epilogue_restores__)
e:/data-2/embedded systems/imt school/01- imt sdk-20220715t104333z-001/01- imt sdk/imt_sdk_win_64/imt_sdk_win_64/winavr/bin/../lib/gcc/avr/4.3.3/avr5\libgcc.a(_pack_sf.o)
                              e:/data-2/embedded systems/imt school/01- imt sdk-20220715t104333z-001/01- imt sdk/imt_sdk_win_64/imt_sdk_win_64/winavr/bin/../lib/gcc/avr/4.3.3/avr5\libgcc.a(_addsub_sf.o) (__pack_f)
e:/data-2/embedded systems/imt school/01- imt sdk-20220715t104333z-001/01- imt sdk/imt_sdk_win_64/imt_sdk_win_64/winavr/bin/../lib/gcc/avr/4.3.3/avr5\libgcc.a(_unpack_sf.o)
                              e:/data-2/embedded systems/imt school/01- imt sdk-20220715t104333z-001/01- imt sdk/imt_sdk_win_64/imt_sdk_win_64/winavr/bin/../lib/gcc/avr/4.3.3/avr5\libgcc.a(_addsub_sf.o) (__unpack_f)
e:/data-2/embedded systems/imt school/01- imt sdk-20220715t104333z-001/01- imt sdk/imt_sdk_win_64/imt_sdk_win_64/winavr/bin/../lib/gcc/avr/4.3.3/avr5\libgcc.a(_fpcmp_parts_sf.o)
                              e:/data-2/embedded systems/imt school/01- imt sdk-20220715t104333z-001/01- imt sdk/imt_sdk_win_64/imt_sdk_win_64/winavr/bin/../lib/gcc/avr/4.3.3/avr5\libgcc.a(_gt_sf.o) (__fpcmp_parts_f)

Allocating common symbols
Common symbol       size              file

dataRx              0x2               ./MCAL/USART/usart_program.o

Memory Configuration

Name             Origin             Length             Attributes
text             0x00000000         0x00020000         xr
data             0x00800060         0x0000ffa0         rw !x
eeprom           0x00810000         0x00010000         rw !x
fuse             0x00820000         0x00000400         rw !x
lock             0x00830000         0x00000400         rw !x
signature        0x00840000         0x00000400         rw !x
*default*        0x00000000         0xffffffff

Linker script and memory map

LOAD e:/data-2/embedded systems/imt school/01- imt sdk-20220715t104333z-001/01- imt sdk/imt_sdk_win_64/imt_sdk_win_64/winavr/bin/../lib/gcc/avr/4.3.3/../../../../avr/lib/avr5/crtm32.o
LOAD ./MCAL/USART/usart_program.o
LOAD ./MCAL/TIMER1/timer1_program.o
LOAD ./MCAL/GIO/gio_program.o
LOAD ./MCAL/DIO/dio_program.o
LOAD ./HAL/SERVO_MOTOR/servomotor_program.o
LOAD ./HAL/LED/led_program.o
LOAD ./HAL/LCD/lcd_program.o
LOAD ./HAL/KEYPAD/keypad_program.o
LOAD ./APP/main.o
LOAD ./APP/program.o
LOAD e:/data-2/embedded systems/imt school/01- imt sdk-20220715t104333z-001/01- imt sdk/imt_sdk_win_64/imt_sdk_win_64/winavr/bin/../lib/gcc/avr/4.3.3/avr5\libgcc.a
LOAD e:/data-2/embedded systems/imt school/01- imt sdk-20220715t104333z-001/01- imt sdk/imt_sdk_win_64/imt_sdk_win_64/winavr/bin/../lib/gcc/avr/4.3.3/../../../../avr/lib/avr5\libc.a
LOAD e:/data-2/embedded systems/imt school/01- imt sdk-20220715t104333z-001/01- imt sdk/imt_sdk_win_64/imt_sdk_win_64/winavr/bin/../lib/gcc/avr/4.3.3/avr5\libgcc.a

.hash
 *(.hash)

.dynsym
 *(.dynsym)

.dynstr
 *(.dynstr)

.gnu.version
 *(.gnu.version)

.gnu.version_d
 *(.gnu.version_d)

.gnu.version_r
 *(.gnu.version_r)

.rel.init
 *(.rel.init)

.rela.init
 *(.rela.init)

.rel.text
 *(.rel.text)
 *(.rel.text.*)
 *(.rel.gnu.linkonce.t*)

.rela.text
 *(.rela.text)
 *(.rela.text.*)
 *(.rela.gnu.linkonce.t*)

.rel.fini
 *(.rel.fini)

.rela.fini
 *(.rela.fini)

.rel.rodata
 *(.rel.rodata)
 *(.rel.rodata.*)
 *(.rel.gnu.linkonce.r*)

.rela.rodata
 *(.rela.rodata)
 *(.rela.rodata.*)
 *(.rela.gnu.linkonce.r*)

.rel.data
 *(.rel.data)
 *(.rel.data.*)
 *(.rel.gnu.linkonce.d*)

.rela.data
 *(.rela.data)
 *(.rela.data.*)
 *(.rela.gnu.linkonce.d*)

.rel.ctors
 *(.rel.ctors)

.rela.ctors
 *(.rela.ctors)

.rel.dtors
 *(.rel.dtors)

.rela.dtors
 *(.rela.dtors)

.rel.got
 *(.rel.got)

.rela.got
 *(.rela.got)

.rel.bss
 *(.rel.bss)

.rela.bss
 *(.rela.bss)

.rel.plt
 *(.rel.plt)

.rela.plt
 *(.rela.plt)

.text           0x00000000     0x1c54
 *(.vectors)
 .vectors       0x00000000       0x54 e:/data-2/embedded systems/imt school/01- imt sdk-20220715t104333z-001/01- imt sdk/imt_sdk_win_64/imt_sdk_win_64/winavr/bin/../lib/gcc/avr/4.3.3/../../../../avr/lib/avr5/crtm32.o
                0x00000000                __vectors
                0x00000000                __vector_default
 *(.vectors)
 *(.progmem.gcc*)
 *(.progmem*)
                0x00000054                . = ALIGN (0x2)
                0x00000054                __trampolines_start = .
 *(.trampolines)
 .trampolines   0x00000054        0x0 linker stubs
 *(.trampolines*)
                0x00000054                __trampolines_end = .
 *(.jumptables)
 *(.jumptables*)
 *(.lowtext)
 *(.lowtext*)
                0x00000054                __ctors_start = .
 *(.ctors)
                0x00000054                __ctors_end = .
                0x00000054                __dtors_start = .
 *(.dtors)
                0x00000054                __dtors_end = .
 SORT(*)(.ctors)
 SORT(*)(.dtors)
 *(.init0)
 .init0         0x00000054        0x0 e:/data-2/embedded systems/imt school/01- imt sdk-20220715t104333z-001/01- imt sdk/imt_sdk_win_64/imt_sdk_win_64/winavr/bin/../lib/gcc/avr/4.3.3/../../../../avr/lib/avr5/crtm32.o
                0x00000054                __init
 *(.init0)
 *(.init1)
 *(.init1)
 *(.init2)
 .init2         0x00000054        0xc e:/data-2/embedded systems/imt school/01- imt sdk-20220715t104333z-001/01- imt sdk/imt_sdk_win_64/imt_sdk_win_64/winavr/bin/../lib/gcc/avr/4.3.3/../../../../avr/lib/avr5/crtm32.o
 *(.init2)
 *(.init3)
 *(.init3)
 *(.init4)
 .init4         0x00000060       0x16 e:/data-2/embedded systems/imt school/01- imt sdk-20220715t104333z-001/01- imt sdk/imt_sdk_win_64/imt_sdk_win_64/winavr/bin/../lib/gcc/avr/4.3.3/avr5\libgcc.a(_copy_data.o)
                0x00000060                __do_copy_data
 .init4         0x00000076       0x10 e:/data-2/embedded systems/imt school/01- imt sdk-20220715t104333z-001/01- imt sdk/imt_sdk_win_64/imt_sdk_win_64/winavr/bin/../lib/gcc/avr/4.3.3/avr5\libgcc.a(_clear_bss.o)
                0x00000076                __do_clear_bss
 *(.init4)
 *(.init5)
 *(.init5)
 *(.init6)
 *(.init6)
 *(.init7)
 *(.init7)
 *(.init8)
 *(.init8)
 *(.init9)
 .init9         0x00000086        0x8 e:/data-2/embedded systems/imt school/01- imt sdk-20220715t104333z-001/01- imt sdk/imt_sdk_win_64/imt_sdk_win_64/winavr/bin/../lib/gcc/avr/4.3.3/../../../../avr/lib/avr5/crtm32.o
 *(.init9)
 *(.text)
 .text          0x0000008e        0x4 e:/data-2/embedded systems/imt school/01- imt sdk-20220715t104333z-001/01- imt sdk/imt_sdk_win_64/imt_sdk_win_64/winavr/bin/../lib/gcc/avr/4.3.3/../../../../avr/lib/avr5/crtm32.o
                0x0000008e                __vector_1
                0x0000008e                __vector_12
                0x0000008e                __bad_interrupt
                0x0000008e                __vector_6
                0x0000008e                __vector_3
                0x0000008e                __vector_11
                0x0000008e                __vector_13
                0x0000008e                __vector_17
                0x0000008e                __vector_19
                0x0000008e                __vector_5
                0x0000008e                __vector_4
                0x0000008e                __vector_2
                0x0000008e                __vector_15
                0x0000008e                __vector_8
                0x0000008e                __vector_14
                0x0000008e                __vector_10
                0x0000008e                __vector_16
                0x0000008e                __vector_18
                0x0000008e                __vector_20
 .text          0x00000092        0x0 ./MCAL/USART/usart_program.o
 .text          0x00000092        0x0 ./MCAL/TIMER1/timer1_program.o
 .text          0x00000092        0x0 ./MCAL/GIO/gio_program.o
 .text          0x00000092        0x0 ./MCAL/DIO/dio_program.o
 .text          0x00000092        0x0 ./HAL/SERVO_MOTOR/servomotor_program.o
 .text          0x00000092        0x0 ./HAL/LED/led_program.o
 .text          0x00000092        0x0 ./HAL/LCD/lcd_program.o
 .text          0x00000092        0x0 ./HAL/KEYPAD/keypad_program.o
 .text          0x00000092        0x0 ./APP/main.o
 .text          0x00000092        0x0 ./APP/program.o
 .text          0x00000092        0x0 e:/data-2/embedded systems/imt school/01- imt sdk-20220715t104333z-001/01- imt sdk/imt_sdk_win_64/imt_sdk_win_64/winavr/bin/../lib/gcc/avr/4.3.3/avr5\libgcc.a(_exit.o)
 .text          0x00000092        0x0 e:/data-2/embedded systems/imt school/01- imt sdk-20220715t104333z-001/01- imt sdk/imt_sdk_win_64/imt_sdk_win_64/winavr/bin/../lib/gcc/avr/4.3.3/avr5\libgcc.a(_copy_data.o)
 .text          0x00000092        0x0 e:/data-2/embedded systems/imt school/01- imt sdk-20220715t104333z-001/01- imt sdk/imt_sdk_win_64/imt_sdk_win_64/winavr/bin/../lib/gcc/avr/4.3.3/avr5\libgcc.a(_clear_bss.o)
 .text          0x00000092       0x58 e:/data-2/embedded systems/imt school/01- imt sdk-20220715t104333z-001/01- imt sdk/imt_sdk_win_64/imt_sdk_win_64/winavr/bin/../lib/gcc/avr/4.3.3/avr5\libgcc.a(_fixunssfsi.o)
                0x00000092                __fixunssfsi
 .text          0x000000ea      0x354 e:/data-2/embedded systems/imt school/01- imt sdk-20220715t104333z-001/01- imt sdk/imt_sdk_win_64/imt_sdk_win_64/winavr/bin/../lib/gcc/avr/4.3.3/avr5\libgcc.a(_addsub_sf.o)
                0x00000382                __subsf3
                0x000003e4                __addsf3
 .text          0x0000043e      0x1f4 e:/data-2/embedded systems/imt school/01- imt sdk-20220715t104333z-001/01- imt sdk/imt_sdk_win_64/imt_sdk_win_64/winavr/bin/../lib/gcc/avr/4.3.3/avr5\libgcc.a(_mul_sf.o)
                0x0000043e                __mulsf3
 .text          0x00000632       0x60 e:/data-2/embedded systems/imt school/01- imt sdk-20220715t104333z-001/01- imt sdk/imt_sdk_win_64/imt_sdk_win_64/winavr/bin/../lib/gcc/avr/4.3.3/avr5\libgcc.a(_gt_sf.o)
                0x00000632                __gtsf2
 .text          0x00000692       0x60 e:/data-2/embedded systems/imt school/01- imt sdk-20220715t104333z-001/01- imt sdk/imt_sdk_win_64/imt_sdk_win_64/winavr/bin/../lib/gcc/avr/4.3.3/avr5\libgcc.a(_ge_sf.o)
                0x00000692                __gesf2
 .text          0x000006f2       0x60 e:/data-2/embedded systems/imt school/01- imt sdk-20220715t104333z-001/01- imt sdk/imt_sdk_win_64/imt_sdk_win_64/winavr/bin/../lib/gcc/avr/4.3.3/avr5\libgcc.a(_lt_sf.o)
                0x000006f2                __ltsf2
 .text          0x00000752       0xa8 e:/data-2/embedded systems/imt school/01- imt sdk-20220715t104333z-001/01- imt sdk/imt_sdk_win_64/imt_sdk_win_64/winavr/bin/../lib/gcc/avr/4.3.3/avr5\libgcc.a(_sf_to_si.o)
                0x00000752                __fixsfsi
 .text          0x000007fa        0x0 e:/data-2/embedded systems/imt school/01- imt sdk-20220715t104333z-001/01- imt sdk/imt_sdk_win_64/imt_sdk_win_64/winavr/bin/../lib/gcc/avr/4.3.3/avr5\libgcc.a(_thenan_sf.o)
 .text          0x000007fa        0x0 e:/data-2/embedded systems/imt school/01- imt sdk-20220715t104333z-001/01- imt sdk/imt_sdk_win_64/imt_sdk_win_64/winavr/bin/../lib/gcc/avr/4.3.3/avr5\libgcc.a(_prologue.o)
 .text          0x000007fa        0x0 e:/data-2/embedded systems/imt school/01- imt sdk-20220715t104333z-001/01- imt sdk/imt_sdk_win_64/imt_sdk_win_64/winavr/bin/../lib/gcc/avr/4.3.3/avr5\libgcc.a(_epilogue.o)
 .text          0x000007fa      0x1aa e:/data-2/embedded systems/imt school/01- imt sdk-20220715t104333z-001/01- imt sdk/imt_sdk_win_64/imt_sdk_win_64/winavr/bin/../lib/gcc/avr/4.3.3/avr5\libgcc.a(_pack_sf.o)
                0x000007fa                __pack_f
 .text          0x000009a4       0xf0 e:/data-2/embedded systems/imt school/01- imt sdk-20220715t104333z-001/01- imt sdk/imt_sdk_win_64/imt_sdk_win_64/winavr/bin/../lib/gcc/avr/4.3.3/avr5\libgcc.a(_unpack_sf.o)
                0x000009a4                __unpack_f
 .text          0x00000a94       0xb2 e:/data-2/embedded systems/imt school/01- imt sdk-20220715t104333z-001/01- imt sdk/imt_sdk_win_64/imt_sdk_win_64/winavr/bin/../lib/gcc/avr/4.3.3/avr5\libgcc.a(_fpcmp_parts_sf.o)
                0x00000a94                __fpcmp_parts_f
                0x00000b46                . = ALIGN (0x2)
 *(.text.*)
 .text.USART_INIT
                0x00000b46       0x60 ./MCAL/USART/usart_program.o
                0x00000b46                USART_INIT
 .text.USART_Tx
                0x00000ba6       0x34 ./MCAL/USART/usart_program.o
                0x00000ba6                USART_Tx
 .text.USART_Rx
                0x00000bda       0xc8 ./MCAL/USART/usart_program.o
                0x00000bda                USART_Rx
 .text.TIMER1_INIT
                0x00000ca2      0x1ac ./MCAL/TIMER1/timer1_program.o
                0x00000ca2                TIMER1_INIT
 .text.SET_ICR1
                0x00000e4e       0x24 ./MCAL/TIMER1/timer1_program.o
                0x00000e4e                SET_ICR1
 .text.SET_OCR1
                0x00000e72       0x3a ./MCAL/TIMER1/timer1_program.o
                0x00000e72                SET_OCR1
 .text.__vector_7
                0x00000eac       0x20 ./MCAL/TIMER1/timer1_program.o
                0x00000eac                __vector_7
 .text.__vector_9
                0x00000ecc       0x20 ./MCAL/TIMER1/timer1_program.o
                0x00000ecc                __vector_9
 .text.GIO_ENABLE
                0x00000eec       0x1c ./MCAL/GIO/gio_program.o
                0x00000eec                GIO_ENABLE
 .text.GIO_DISABLE
                0x00000f08       0x1c ./MCAL/GIO/gio_program.o
                0x00000f08                GIO_DISABLE
 .text.DIO_INIT
                0x00000f24       0x36 ./MCAL/DIO/dio_program.o
                0x00000f24                DIO_INIT
 .text.SERVOMOTOR_CLOCKWISE
                0x00000f5a       0x14 ./HAL/SERVO_MOTOR/servomotor_program.o
                0x00000f5a                SERVOMOTOR_CLOCKWISE
 .text.SERVOMOTOR_ANTICLOCKWISE
                0x00000f6e       0x14 ./HAL/SERVO_MOTOR/servomotor_program.o
                0x00000f6e                SERVOMOTOR_ANTICLOCKWISE
 .text.LED_ON   0x00000f82       0x1c ./HAL/LED/led_program.o
                0x00000f82                LED_ON
 .text.LED_OFF  0x00000f9e       0x1c ./HAL/LED/led_program.o
                0x00000f9e                LED_OFF
 .text.LCD_INIT
                0x00000fba      0x132 ./HAL/LCD/lcd_program.o
                0x00000fba                LCD_INIT
 .text.LCD_SEND_CMD
                0x000010ec      0x362 ./HAL/LCD/lcd_program.o
                0x000010ec                LCD_SEND_CMD
 .text.LCD_DISP_CHAR
                0x0000144e      0x27e ./HAL/LCD/lcd_program.o
                0x0000144e                LCD_DISP_CHAR
 .text.LCD_DISP_STR
                0x000016cc       0x56 ./HAL/LCD/lcd_program.o
                0x000016cc                LCD_DISP_STR
 .text.LCD_SEND_XY
                0x00001722      0x25e ./HAL/LCD/lcd_program.o
                0x00001722                LCD_SEND_XY
 .text.KEYPAD_GET_PRESSED_KEY
                0x00001980      0x10a ./HAL/KEYPAD/keypad_program.o
                0x00001980                KEYPAD_GET_PRESSED_KEY
 .text.main     0x00001a8a      0x106 ./APP/main.o
                0x00001a8a                main
 .text.SMARTHOMEINITIALIZE
                0x00001b90       0x2e ./APP/program.o
                0x00001b90                SMARTHOMEINITIALIZE
 .text.DOOR_CLOSE
                0x00001bbe       0x12 ./APP/program.o
                0x00001bbe                DOOR_CLOSE
 .text.DOOR_OPEN
                0x00001bd0       0x12 ./APP/program.o
                0x00001bd0                DOOR_OPEN
 .text.libgcc   0x00001be2        0x0 e:/data-2/embedded systems/imt school/01- imt sdk-20220715t104333z-001/01- imt sdk/imt_sdk_win_64/imt_sdk_win_64/winavr/bin/../lib/gcc/avr/4.3.3/avr5\libgcc.a(_exit.o)
 .text.libgcc   0x00001be2        0x0 e:/data-2/embedded systems/imt school/01- imt sdk-20220715t104333z-001/01- imt sdk/imt_sdk_win_64/imt_sdk_win_64/winavr/bin/../lib/gcc/avr/4.3.3/avr5\libgcc.a(_copy_data.o)
 .text.libgcc   0x00001be2        0x0 e:/data-2/embedded systems/imt school/01- imt sdk-20220715t104333z-001/01- imt sdk/imt_sdk_win_64/imt_sdk_win_64/winavr/bin/../lib/gcc/avr/4.3.3/avr5\libgcc.a(_clear_bss.o)
 .text.libgcc   0x00001be2       0x38 e:/data-2/embedded systems/imt school/01- imt sdk-20220715t104333z-001/01- imt sdk/imt_sdk_win_64/imt_sdk_win_64/winavr/bin/../lib/gcc/avr/4.3.3/avr5\libgcc.a(_prologue.o)
                0x00001be2                __prologue_saves__
 .text.libgcc   0x00001c1a       0x36 e:/data-2/embedded systems/imt school/01- imt sdk-20220715t104333z-001/01- imt sdk/imt_sdk_win_64/imt_sdk_win_64/winavr/bin/../lib/gcc/avr/4.3.3/avr5\libgcc.a(_epilogue.o)
                0x00001c1a                __epilogue_restores__
                0x00001c50                . = ALIGN (0x2)
 *(.fini9)
 .fini9         0x00001c50        0x0 e:/data-2/embedded systems/imt school/01- imt sdk-20220715t104333z-001/01- imt sdk/imt_sdk_win_64/imt_sdk_win_64/winavr/bin/../lib/gcc/avr/4.3.3/avr5\libgcc.a(_exit.o)
                0x00001c50                exit
                0x00001c50                _exit
 *(.fini9)
 *(.fini8)
 *(.fini8)
 *(.fini7)
 *(.fini7)
 *(.fini6)
 *(.fini6)
 *(.fini5)
 *(.fini5)
 *(.fini4)
 *(.fini4)
 *(.fini3)
 *(.fini3)
 *(.fini2)
 *(.fini2)
 *(.fini1)
 *(.fini1)
 *(.fini0)
 .fini0         0x00001c50        0x4 e:/data-2/embedded systems/imt school/01- imt sdk-20220715t104333z-001/01- imt sdk/imt_sdk_win_64/imt_sdk_win_64/winavr/bin/../lib/gcc/avr/4.3.3/avr5\libgcc.a(_exit.o)
 *(.fini0)
                0x00001c54                _etext = .

.data           0x00800060       0x58 load address 0x00001c54
                0x00800060                PROVIDE (__data_start, .)
 *(.data)
 .data          0x00800060        0x0 e:/data-2/embedded systems/imt school/01- imt sdk-20220715t104333z-001/01- imt sdk/imt_sdk_win_64/imt_sdk_win_64/winavr/bin/../lib/gcc/avr/4.3.3/../../../../avr/lib/avr5/crtm32.o
 .data          0x00800060       0x2d ./MCAL/USART/usart_program.o
 .data          0x0080008d        0x0 ./MCAL/TIMER1/timer1_program.o
 .data          0x0080008d        0x0 ./MCAL/GIO/gio_program.o
 .data          0x0080008d        0x0 ./MCAL/DIO/dio_program.o
 .data          0x0080008d        0x0 ./HAL/SERVO_MOTOR/servomotor_program.o
 .data          0x0080008d        0x0 ./HAL/LED/led_program.o
 .data          0x0080008d        0x0 ./HAL/LCD/lcd_program.o
 .data          0x0080008d        0x0 ./HAL/KEYPAD/keypad_program.o
 .data          0x0080008d        0x0 ./APP/main.o
 .data          0x0080008d       0x10 ./APP/program.o
 .data          0x0080009d        0x0 e:/data-2/embedded systems/imt school/01- imt sdk-20220715t104333z-001/01- imt sdk/imt_sdk_win_64/imt_sdk_win_64/winavr/bin/../lib/gcc/avr/4.3.3/avr5\libgcc.a(_exit.o)
 .data          0x0080009d        0x0 e:/data-2/embedded systems/imt school/01- imt sdk-20220715t104333z-001/01- imt sdk/imt_sdk_win_64/imt_sdk_win_64/winavr/bin/../lib/gcc/avr/4.3.3/avr5\libgcc.a(_copy_data.o)
 .data          0x0080009d        0x0 e:/data-2/embedded systems/imt school/01- imt sdk-20220715t104333z-001/01- imt sdk/imt_sdk_win_64/imt_sdk_win_64/winavr/bin/../lib/gcc/avr/4.3.3/avr5\libgcc.a(_clear_bss.o)
 .data          0x0080009d        0x0 e:/data-2/embedded systems/imt school/01- imt sdk-20220715t104333z-001/01- imt sdk/imt_sdk_win_64/imt_sdk_win_64/winavr/bin/../lib/gcc/avr/4.3.3/avr5\libgcc.a(_fixunssfsi.o)
 .data          0x0080009d        0x0 e:/data-2/embedded systems/imt school/01- imt sdk-20220715t104333z-001/01- imt sdk/imt_sdk_win_64/imt_sdk_win_64/winavr/bin/../lib/gcc/avr/4.3.3/avr5\libgcc.a(_addsub_sf.o)
 .data          0x0080009d        0x0 e:/data-2/embedded systems/imt school/01- imt sdk-20220715t104333z-001/01- imt sdk/imt_sdk_win_64/imt_sdk_win_64/winavr/bin/../lib/gcc/avr/4.3.3/avr5\libgcc.a(_mul_sf.o)
 .data          0x0080009d        0x0 e:/data-2/embedded systems/imt school/01- imt sdk-20220715t104333z-001/01- imt sdk/imt_sdk_win_64/imt_sdk_win_64/winavr/bin/../lib/gcc/avr/4.3.3/avr5\libgcc.a(_gt_sf.o)
 .data          0x0080009d        0x0 e:/data-2/embedded systems/imt school/01- imt sdk-20220715t104333z-001/01- imt sdk/imt_sdk_win_64/imt_sdk_win_64/winavr/bin/../lib/gcc/avr/4.3.3/avr5\libgcc.a(_ge_sf.o)
 .data          0x0080009d        0x0 e:/data-2/embedded systems/imt school/01- imt sdk-20220715t104333z-001/01- imt sdk/imt_sdk_win_64/imt_sdk_win_64/winavr/bin/../lib/gcc/avr/4.3.3/avr5\libgcc.a(_lt_sf.o)
 .data          0x0080009d        0x0 e:/data-2/embedded systems/imt school/01- imt sdk-20220715t104333z-001/01- imt sdk/imt_sdk_win_64/imt_sdk_win_64/winavr/bin/../lib/gcc/avr/4.3.3/avr5\libgcc.a(_sf_to_si.o)
 .data          0x0080009d        0x8 e:/data-2/embedded systems/imt school/01- imt sdk-20220715t104333z-001/01- imt sdk/imt_sdk_win_64/imt_sdk_win_64/winavr/bin/../lib/gcc/avr/4.3.3/avr5\libgcc.a(_thenan_sf.o)
                0x0080009d                __thenan_sf
 .data          0x008000a5        0x0 e:/data-2/embedded systems/imt school/01- imt sdk-20220715t104333z-001/01- imt sdk/imt_sdk_win_64/imt_sdk_win_64/winavr/bin/../lib/gcc/avr/4.3.3/avr5\libgcc.a(_prologue.o)
 .data          0x008000a5        0x0 e:/data-2/embedded systems/imt school/01- imt sdk-20220715t104333z-001/01- imt sdk/imt_sdk_win_64/imt_sdk_win_64/winavr/bin/../lib/gcc/avr/4.3.3/avr5\libgcc.a(_epilogue.o)
 .data          0x008000a5        0x0 e:/data-2/embedded systems/imt school/01- imt sdk-20220715t104333z-001/01- imt sdk/imt_sdk_win_64/imt_sdk_win_64/winavr/bin/../lib/gcc/avr/4.3.3/avr5\libgcc.a(_pack_sf.o)
 .data          0x008000a5        0x0 e:/data-2/embedded systems/imt school/01- imt sdk-20220715t104333z-001/01- imt sdk/imt_sdk_win_64/imt_sdk_win_64/winavr/bin/../lib/gcc/avr/4.3.3/avr5\libgcc.a(_unpack_sf.o)
 .data          0x008000a5        0x0 e:/data-2/embedded systems/imt school/01- imt sdk-20220715t104333z-001/01- imt sdk/imt_sdk_win_64/imt_sdk_win_64/winavr/bin/../lib/gcc/avr/4.3.3/avr5\libgcc.a(_fpcmp_parts_sf.o)
 *(.data*)
 .data.servomotorCurrentPosition
                0x008000a5        0x2 ./MCAL/TIMER1/timer1_program.o
                0x008000a5                servomotorCurrentPosition
 .data.KPD_ARRAY
                0x008000a7       0x10 ./HAL/KEYPAD/keypad_program.o
                0x008000a7                KPD_ARRAY
 *(.rodata)
 *(.rodata*)
 *(.gnu.linkonce.d*)
                0x008000b8                . = ALIGN (0x2)
 *fill*         0x008000b7        0x1 00
                0x008000b8                _edata = .
                0x008000b8                PROVIDE (__data_end, .)

.bss            0x008000b8        0x2
                0x008000b8                PROVIDE (__bss_start, .)
 *(.bss)
 .bss           0x008000b8        0x0 e:/data-2/embedded systems/imt school/01- imt sdk-20220715t104333z-001/01- imt sdk/imt_sdk_win_64/imt_sdk_win_64/winavr/bin/../lib/gcc/avr/4.3.3/../../../../avr/lib/avr5/crtm32.o
 .bss           0x008000b8        0x0 ./MCAL/USART/usart_program.o
 .bss           0x008000b8        0x0 ./MCAL/TIMER1/timer1_program.o
 .bss           0x008000b8        0x0 ./MCAL/GIO/gio_program.o
 .bss           0x008000b8        0x0 ./MCAL/DIO/dio_program.o
 .bss           0x008000b8        0x0 ./HAL/SERVO_MOTOR/servomotor_program.o
 .bss           0x008000b8        0x0 ./HAL/LED/led_program.o
 .bss           0x008000b8        0x0 ./HAL/LCD/lcd_program.o
 .bss           0x008000b8        0x0 ./HAL/KEYPAD/keypad_program.o
 .bss           0x008000b8        0x0 ./APP/main.o
 .bss           0x008000b8        0x0 ./APP/program.o
 .bss           0x008000b8        0x0 e:/data-2/embedded systems/imt school/01- imt sdk-20220715t104333z-001/01- imt sdk/imt_sdk_win_64/imt_sdk_win_64/winavr/bin/../lib/gcc/avr/4.3.3/avr5\libgcc.a(_exit.o)
 .bss           0x008000b8        0x0 e:/data-2/embedded systems/imt school/01- imt sdk-20220715t104333z-001/01- imt sdk/imt_sdk_win_64/imt_sdk_win_64/winavr/bin/../lib/gcc/avr/4.3.3/avr5\libgcc.a(_copy_data.o)
 .bss           0x008000b8        0x0 e:/data-2/embedded systems/imt school/01- imt sdk-20220715t104333z-001/01- imt sdk/imt_sdk_win_64/imt_sdk_win_64/winavr/bin/../lib/gcc/avr/4.3.3/avr5\libgcc.a(_clear_bss.o)
 .bss           0x008000b8        0x0 e:/data-2/embedded systems/imt school/01- imt sdk-20220715t104333z-001/01- imt sdk/imt_sdk_win_64/imt_sdk_win_64/winavr/bin/../lib/gcc/avr/4.3.3/avr5\libgcc.a(_fixunssfsi.o)
 .bss           0x008000b8        0x0 e:/data-2/embedded systems/imt school/01- imt sdk-20220715t104333z-001/01- imt sdk/imt_sdk_win_64/imt_sdk_win_64/winavr/bin/../lib/gcc/avr/4.3.3/avr5\libgcc.a(_addsub_sf.o)
 .bss           0x008000b8        0x0 e:/data-2/embedded systems/imt school/01- imt sdk-20220715t104333z-001/01- imt sdk/imt_sdk_win_64/imt_sdk_win_64/winavr/bin/../lib/gcc/avr/4.3.3/avr5\libgcc.a(_mul_sf.o)
 .bss           0x008000b8        0x0 e:/data-2/embedded systems/imt school/01- imt sdk-20220715t104333z-001/01- imt sdk/imt_sdk_win_64/imt_sdk_win_64/winavr/bin/../lib/gcc/avr/4.3.3/avr5\libgcc.a(_gt_sf.o)
 .bss           0x008000b8        0x0 e:/data-2/embedded systems/imt school/01- imt sdk-20220715t104333z-001/01- imt sdk/imt_sdk_win_64/imt_sdk_win_64/winavr/bin/../lib/gcc/avr/4.3.3/avr5\libgcc.a(_ge_sf.o)
 .bss           0x008000b8        0x0 e:/data-2/embedded systems/imt school/01- imt sdk-20220715t104333z-001/01- imt sdk/imt_sdk_win_64/imt_sdk_win_64/winavr/bin/../lib/gcc/avr/4.3.3/avr5\libgcc.a(_lt_sf.o)
 .bss           0x008000b8        0x0 e:/data-2/embedded systems/imt school/01- imt sdk-20220715t104333z-001/01- imt sdk/imt_sdk_win_64/imt_sdk_win_64/winavr/bin/../lib/gcc/avr/4.3.3/avr5\libgcc.a(_sf_to_si.o)
 .bss           0x008000b8        0x0 e:/data-2/embedded systems/imt school/01- imt sdk-20220715t104333z-001/01- imt sdk/imt_sdk_win_64/imt_sdk_win_64/winavr/bin/../lib/gcc/avr/4.3.3/avr5\libgcc.a(_thenan_sf.o)
 .bss           0x008000b8        0x0 e:/data-2/embedded systems/imt school/01- imt sdk-20220715t104333z-001/01- imt sdk/imt_sdk_win_64/imt_sdk_win_64/winavr/bin/../lib/gcc/avr/4.3.3/avr5\libgcc.a(_prologue.o)
 .bss           0x008000b8        0x0 e:/data-2/embedded systems/imt school/01- imt sdk-20220715t104333z-001/01- imt sdk/imt_sdk_win_64/imt_sdk_win_64/winavr/bin/../lib/gcc/avr/4.3.3/avr5\libgcc.a(_epilogue.o)
 .bss           0x008000b8        0x0 e:/data-2/embedded systems/imt school/01- imt sdk-20220715t104333z-001/01- imt sdk/imt_sdk_win_64/imt_sdk_win_64/winavr/bin/../lib/gcc/avr/4.3.3/avr5\libgcc.a(_pack_sf.o)
 .bss           0x008000b8        0x0 e:/data-2/embedded systems/imt school/01- imt sdk-20220715t104333z-001/01- imt sdk/imt_sdk_win_64/imt_sdk_win_64/winavr/bin/../lib/gcc/avr/4.3.3/avr5\libgcc.a(_unpack_sf.o)
 .bss           0x008000b8        0x0 e:/data-2/embedded systems/imt school/01- imt sdk-20220715t104333z-001/01- imt sdk/imt_sdk_win_64/imt_sdk_win_64/winavr/bin/../lib/gcc/avr/4.3.3/avr5\libgcc.a(_fpcmp_parts_sf.o)
 *(.bss*)
 *(COMMON)
 COMMON         0x008000b8        0x2 ./MCAL/USART/usart_program.o
                0x008000b8                dataRx
                0x008000ba                PROVIDE (__bss_end, .)
                0x00001c54                __data_load_start = LOADADDR (.data)
                0x00001cac                __data_load_end = (__data_load_start + SIZEOF (.data))

.noinit         0x008000ba        0x0
                0x008000ba                PROVIDE (__noinit_start, .)
 *(.noinit*)
                0x008000ba                PROVIDE (__noinit_end, .)
                0x008000ba                _end = .
                0x008000ba                PROVIDE (__heap_start, .)

.eeprom         0x00810000        0x0
 *(.eeprom*)
                0x00810000                __eeprom_end = .

.fuse
 *(.fuse)
 *(.lfuse)
 *(.hfuse)
 *(.efuse)

.lock
 *(.lock*)

.signature
 *(.signature*)

.stab           0x00000000     0x1e84
 *(.stab)
 .stab          0x00000000      0x36c ./MCAL/USART/usart_program.o
 .stab          0x0000036c      0x540 ./MCAL/TIMER1/timer1_program.o
                                0x54c (size before relaxing)
 .stab          0x000008ac      0x180 ./MCAL/GIO/gio_program.o
                                0x18c (size before relaxing)
 .stab          0x00000a2c      0x180 ./MCAL/DIO/dio_program.o
                                0x18c (size before relaxing)
 .stab          0x00000bac      0x180 ./HAL/SERVO_MOTOR/servomotor_program.o
                                0x18c (size before relaxing)
 .stab          0x00000d2c      0x1b0 ./HAL/LED/led_program.o
                                0x354 (size before relaxing)
 .stab          0x00000edc      0x990 ./HAL/LCD/lcd_program.o
                                0xb34 (size before relaxing)
 .stab          0x0000186c      0x204 ./HAL/KEYPAD/keypad_program.o
                                0x210 (size before relaxing)
 .stab          0x00001a70      0x240 ./APP/main.o
                                0x3e4 (size before relaxing)
 .stab          0x00001cb0      0x1d4 ./APP/program.o
                                0x3b4 (size before relaxing)

.stabstr        0x00000000      0xe4e
 *(.stabstr)
 .stabstr       0x00000000      0xe4e ./MCAL/USART/usart_program.o

.stab.excl
 *(.stab.excl)

.stab.exclstr
 *(.stab.exclstr)

.stab.index
 *(.stab.index)

.stab.indexstr
 *(.stab.indexstr)

.comment
 *(.comment)

.debug
 *(.debug)

.line
 *(.line)

.debug_srcinfo
 *(.debug_srcinfo)

.debug_sfnames
 *(.debug_sfnames)

.debug_aranges  0x00000000      0x140
 *(.debug_aranges)
 .debug_aranges
                0x00000000       0x20 e:/data-2/embedded systems/imt school/01- imt sdk-20220715t104333z-001/01- imt sdk/imt_sdk_win_64/imt_sdk_win_64/winavr/bin/../lib/gcc/avr/4.3.3/avr5\libgcc.a(_fixunssfsi.o)
 .debug_aranges
                0x00000020       0x20 e:/data-2/embedded systems/imt school/01- imt sdk-20220715t104333z-001/01- imt sdk/imt_sdk_win_64/imt_sdk_win_64/winavr/bin/../lib/gcc/avr/4.3.3/avr5\libgcc.a(_addsub_sf.o)
 .debug_aranges
                0x00000040       0x20 e:/data-2/embedded systems/imt school/01- imt sdk-20220715t104333z-001/01- imt sdk/imt_sdk_win_64/imt_sdk_win_64/winavr/bin/../lib/gcc/avr/4.3.3/avr5\libgcc.a(_mul_sf.o)
 .debug_aranges
                0x00000060       0x20 e:/data-2/embedded systems/imt school/01- imt sdk-20220715t104333z-001/01- imt sdk/imt_sdk_win_64/imt_sdk_win_64/winavr/bin/../lib/gcc/avr/4.3.3/avr5\libgcc.a(_gt_sf.o)
 .debug_aranges
                0x00000080       0x20 e:/data-2/embedded systems/imt school/01- imt sdk-20220715t104333z-001/01- imt sdk/imt_sdk_win_64/imt_sdk_win_64/winavr/bin/../lib/gcc/avr/4.3.3/avr5\libgcc.a(_ge_sf.o)
 .debug_aranges
                0x000000a0       0x20 e:/data-2/embedded systems/imt school/01- imt sdk-20220715t104333z-001/01- imt sdk/imt_sdk_win_64/imt_sdk_win_64/winavr/bin/../lib/gcc/avr/4.3.3/avr5\libgcc.a(_lt_sf.o)
 .debug_aranges
                0x000000c0       0x20 e:/data-2/embedded systems/imt school/01- imt sdk-20220715t104333z-001/01- imt sdk/imt_sdk_win_64/imt_sdk_win_64/winavr/bin/../lib/gcc/avr/4.3.3/avr5\libgcc.a(_sf_to_si.o)
 .debug_aranges
                0x000000e0       0x20 e:/data-2/embedded systems/imt school/01- imt sdk-20220715t104333z-001/01- imt sdk/imt_sdk_win_64/imt_sdk_win_64/winavr/bin/../lib/gcc/avr/4.3.3/avr5\libgcc.a(_pack_sf.o)
 .debug_aranges
                0x00000100       0x20 e:/data-2/embedded systems/imt school/01- imt sdk-20220715t104333z-001/01- imt sdk/imt_sdk_win_64/imt_sdk_win_64/winavr/bin/../lib/gcc/avr/4.3.3/avr5\libgcc.a(_unpack_sf.o)
 .debug_aranges
                0x00000120       0x20 e:/data-2/embedded systems/imt school/01- imt sdk-20220715t104333z-001/01- imt sdk/imt_sdk_win_64/imt_sdk_win_64/winavr/bin/../lib/gcc/avr/4.3.3/avr5\libgcc.a(_fpcmp_parts_sf.o)

.debug_pubnames
                0x00000000      0x170
 *(.debug_pubnames)
 .debug_pubnames
                0x00000000       0x23 e:/data-2/embedded systems/imt school/01- imt sdk-20220715t104333z-001/01- imt sdk/imt_sdk_win_64/imt_sdk_win_64/winavr/bin/../lib/gcc/avr/4.3.3/avr5\libgcc.a(_fixunssfsi.o)
 .debug_pubnames
                0x00000023       0x2c e:/data-2/embedded systems/imt school/01- imt sdk-20220715t104333z-001/01- imt sdk/imt_sdk_win_64/imt_sdk_win_64/winavr/bin/../lib/gcc/avr/4.3.3/avr5\libgcc.a(_addsub_sf.o)
 .debug_pubnames
                0x0000004f       0x1f e:/data-2/embedded systems/imt school/01- imt sdk-20220715t104333z-001/01- imt sdk/imt_sdk_win_64/imt_sdk_win_64/winavr/bin/../lib/gcc/avr/4.3.3/avr5\libgcc.a(_mul_sf.o)
 .debug_pubnames
                0x0000006e       0x1e e:/data-2/embedded systems/imt school/01- imt sdk-20220715t104333z-001/01- imt sdk/imt_sdk_win_64/imt_sdk_win_64/winavr/bin/../lib/gcc/avr/4.3.3/avr5\libgcc.a(_gt_sf.o)
 .debug_pubnames
                0x0000008c       0x1e e:/data-2/embedded systems/imt school/01- imt sdk-20220715t104333z-001/01- imt sdk/imt_sdk_win_64/imt_sdk_win_64/winavr/bin/../lib/gcc/avr/4.3.3/avr5\libgcc.a(_ge_sf.o)
 .debug_pubnames
                0x000000aa       0x1e e:/data-2/embedded systems/imt school/01- imt sdk-20220715t104333z-001/01- imt sdk/imt_sdk_win_64/imt_sdk_win_64/winavr/bin/../lib/gcc/avr/4.3.3/avr5\libgcc.a(_lt_sf.o)
 .debug_pubnames
                0x000000c8       0x20 e:/data-2/embedded systems/imt school/01- imt sdk-20220715t104333z-001/01- imt sdk/imt_sdk_win_64/imt_sdk_win_64/winavr/bin/../lib/gcc/avr/4.3.3/avr5\libgcc.a(_sf_to_si.o)
 .debug_pubnames
                0x000000e8       0x22 e:/data-2/embedded systems/imt school/01- imt sdk-20220715t104333z-001/01- imt sdk/imt_sdk_win_64/imt_sdk_win_64/winavr/bin/../lib/gcc/avr/4.3.3/avr5\libgcc.a(_thenan_sf.o)
 .debug_pubnames
                0x0000010a       0x1f e:/data-2/embedded systems/imt school/01- imt sdk-20220715t104333z-001/01- imt sdk/imt_sdk_win_64/imt_sdk_win_64/winavr/bin/../lib/gcc/avr/4.3.3/avr5\libgcc.a(_pack_sf.o)
 .debug_pubnames
                0x00000129       0x21 e:/data-2/embedded systems/imt school/01- imt sdk-20220715t104333z-001/01- imt sdk/imt_sdk_win_64/imt_sdk_win_64/winavr/bin/../lib/gcc/avr/4.3.3/avr5\libgcc.a(_unpack_sf.o)
 .debug_pubnames
                0x0000014a       0x26 e:/data-2/embedded systems/imt school/01- imt sdk-20220715t104333z-001/01- imt sdk/imt_sdk_win_64/imt_sdk_win_64/winavr/bin/../lib/gcc/avr/4.3.3/avr5\libgcc.a(_fpcmp_parts_sf.o)

.debug_info     0x00000000     0x1c49
 *(.debug_info)
 .debug_info    0x00000000       0xb1 e:/data-2/embedded systems/imt school/01- imt sdk-20220715t104333z-001/01- imt sdk/imt_sdk_win_64/imt_sdk_win_64/winavr/bin/../lib/gcc/avr/4.3.3/avr5\libgcc.a(_fixunssfsi.o)
 .debug_info    0x000000b1      0x47a e:/data-2/embedded systems/imt school/01- imt sdk-20220715t104333z-001/01- imt sdk/imt_sdk_win_64/imt_sdk_win_64/winavr/bin/../lib/gcc/avr/4.3.3/avr5\libgcc.a(_addsub_sf.o)
 .debug_info    0x0000052b      0x485 e:/data-2/embedded systems/imt school/01- imt sdk-20220715t104333z-001/01- imt sdk/imt_sdk_win_64/imt_sdk_win_64/winavr/bin/../lib/gcc/avr/4.3.3/avr5\libgcc.a(_mul_sf.o)
 .debug_info    0x000009b0      0x27f e:/data-2/embedded systems/imt school/01- imt sdk-20220715t104333z-001/01- imt sdk/imt_sdk_win_64/imt_sdk_win_64/winavr/bin/../lib/gcc/avr/4.3.3/avr5\libgcc.a(_gt_sf.o)
 .debug_info    0x00000c2f      0x27f e:/data-2/embedded systems/imt school/01- imt sdk-20220715t104333z-001/01- imt sdk/imt_sdk_win_64/imt_sdk_win_64/winavr/bin/../lib/gcc/avr/4.3.3/avr5\libgcc.a(_ge_sf.o)
 .debug_info    0x00000eae      0x27f e:/data-2/embedded systems/imt school/01- imt sdk-20220715t104333z-001/01- imt sdk/imt_sdk_win_64/imt_sdk_win_64/winavr/bin/../lib/gcc/avr/4.3.3/avr5\libgcc.a(_lt_sf.o)
 .debug_info    0x0000112d      0x2b0 e:/data-2/embedded systems/imt school/01- imt sdk-20220715t104333z-001/01- imt sdk/imt_sdk_win_64/imt_sdk_win_64/winavr/bin/../lib/gcc/avr/4.3.3/avr5\libgcc.a(_sf_to_si.o)
 .debug_info    0x000013dd      0x12c e:/data-2/embedded systems/imt school/01- imt sdk-20220715t104333z-001/01- imt sdk/imt_sdk_win_64/imt_sdk_win_64/winavr/bin/../lib/gcc/avr/4.3.3/avr5\libgcc.a(_thenan_sf.o)
 .debug_info    0x00001509      0x2df e:/data-2/embedded systems/imt school/01- imt sdk-20220715t104333z-001/01- imt sdk/imt_sdk_win_64/imt_sdk_win_64/winavr/bin/../lib/gcc/avr/4.3.3/avr5\libgcc.a(_pack_sf.o)
 .debug_info    0x000017e8      0x251 e:/data-2/embedded systems/imt school/01- imt sdk-20220715t104333z-001/01- imt sdk/imt_sdk_win_64/imt_sdk_win_64/winavr/bin/../lib/gcc/avr/4.3.3/avr5\libgcc.a(_unpack_sf.o)
 .debug_info    0x00001a39      0x210 e:/data-2/embedded systems/imt school/01- imt sdk-20220715t104333z-001/01- imt sdk/imt_sdk_win_64/imt_sdk_win_64/winavr/bin/../lib/gcc/avr/4.3.3/avr5\libgcc.a(_fpcmp_parts_sf.o)
 *(.gnu.linkonce.wi.*)

.debug_abbrev   0x00000000      0xeeb
 *(.debug_abbrev)
 .debug_abbrev  0x00000000       0x5d e:/data-2/embedded systems/imt school/01- imt sdk-20220715t104333z-001/01- imt sdk/imt_sdk_win_64/imt_sdk_win_64/winavr/bin/../lib/gcc/avr/4.3.3/avr5\libgcc.a(_fixunssfsi.o)
 .debug_abbrev  0x0000005d      0x1ea e:/data-2/embedded systems/imt school/01- imt sdk-20220715t104333z-001/01- imt sdk/imt_sdk_win_64/imt_sdk_win_64/winavr/bin/../lib/gcc/avr/4.3.3/avr5\libgcc.a(_addsub_sf.o)
 .debug_abbrev  0x00000247      0x21b e:/data-2/embedded systems/imt school/01- imt sdk-20220715t104333z-001/01- imt sdk/imt_sdk_win_64/imt_sdk_win_64/winavr/bin/../lib/gcc/avr/4.3.3/avr5\libgcc.a(_mul_sf.o)
 .debug_abbrev  0x00000462      0x15a e:/data-2/embedded systems/imt school/01- imt sdk-20220715t104333z-001/01- imt sdk/imt_sdk_win_64/imt_sdk_win_64/winavr/bin/../lib/gcc/avr/4.3.3/avr5\libgcc.a(_gt_sf.o)
 .debug_abbrev  0x000005bc      0x15a e:/data-2/embedded systems/imt school/01- imt sdk-20220715t104333z-001/01- imt sdk/imt_sdk_win_64/imt_sdk_win_64/winavr/bin/../lib/gcc/avr/4.3.3/avr5\libgcc.a(_ge_sf.o)
 .debug_abbrev  0x00000716      0x15a e:/data-2/embedded systems/imt school/01- imt sdk-20220715t104333z-001/01- imt sdk/imt_sdk_win_64/imt_sdk_win_64/winavr/bin/../lib/gcc/avr/4.3.3/avr5\libgcc.a(_lt_sf.o)
 .debug_abbrev  0x00000870      0x17f e:/data-2/embedded systems/imt school/01- imt sdk-20220715t104333z-001/01- imt sdk/imt_sdk_win_64/imt_sdk_win_64/winavr/bin/../lib/gcc/avr/4.3.3/avr5\libgcc.a(_sf_to_si.o)
 .debug_abbrev  0x000009ef       0xad e:/data-2/embedded systems/imt school/01- imt sdk-20220715t104333z-001/01- imt sdk/imt_sdk_win_64/imt_sdk_win_64/winavr/bin/../lib/gcc/avr/4.3.3/avr5\libgcc.a(_thenan_sf.o)
 .debug_abbrev  0x00000a9c      0x1c0 e:/data-2/embedded systems/imt school/01- imt sdk-20220715t104333z-001/01- imt sdk/imt_sdk_win_64/imt_sdk_win_64/winavr/bin/../lib/gcc/avr/4.3.3/avr5\libgcc.a(_pack_sf.o)
 .debug_abbrev  0x00000c5c      0x154 e:/data-2/embedded systems/imt school/01- imt sdk-20220715t104333z-001/01- imt sdk/imt_sdk_win_64/imt_sdk_win_64/winavr/bin/../lib/gcc/avr/4.3.3/avr5\libgcc.a(_unpack_sf.o)
 .debug_abbrev  0x00000db0      0x13b e:/data-2/embedded systems/imt school/01- imt sdk-20220715t104333z-001/01- imt sdk/imt_sdk_win_64/imt_sdk_win_64/winavr/bin/../lib/gcc/avr/4.3.3/avr5\libgcc.a(_fpcmp_parts_sf.o)

.debug_line     0x00000000      0xdad
 *(.debug_line)
 .debug_line    0x00000000       0xa7 e:/data-2/embedded systems/imt school/01- imt sdk-20220715t104333z-001/01- imt sdk/imt_sdk_win_64/imt_sdk_win_64/winavr/bin/../lib/gcc/avr/4.3.3/avr5\libgcc.a(_fixunssfsi.o)
 .debug_line    0x000000a7      0x2af e:/data-2/embedded systems/imt school/01- imt sdk-20220715t104333z-001/01- imt sdk/imt_sdk_win_64/imt_sdk_win_64/winavr/bin/../lib/gcc/avr/4.3.3/avr5\libgcc.a(_addsub_sf.o)
 .debug_line    0x00000356      0x239 e:/data-2/embedded systems/imt school/01- imt sdk-20220715t104333z-001/01- imt sdk/imt_sdk_win_64/imt_sdk_win_64/winavr/bin/../lib/gcc/avr/4.3.3/avr5\libgcc.a(_mul_sf.o)
 .debug_line    0x0000058f       0xd3 e:/data-2/embedded systems/imt school/01- imt sdk-20220715t104333z-001/01- imt sdk/imt_sdk_win_64/imt_sdk_win_64/winavr/bin/../lib/gcc/avr/4.3.3/avr5\libgcc.a(_gt_sf.o)
 .debug_line    0x00000662       0xd3 e:/data-2/embedded systems/imt school/01- imt sdk-20220715t104333z-001/01- imt sdk/imt_sdk_win_64/imt_sdk_win_64/winavr/bin/../lib/gcc/avr/4.3.3/avr5\libgcc.a(_ge_sf.o)
 .debug_line    0x00000735       0xd3 e:/data-2/embedded systems/imt school/01- imt sdk-20220715t104333z-001/01- imt sdk/imt_sdk_win_64/imt_sdk_win_64/winavr/bin/../lib/gcc/avr/4.3.3/avr5\libgcc.a(_lt_sf.o)
 .debug_line    0x00000808      0x109 e:/data-2/embedded systems/imt school/01- imt sdk-20220715t104333z-001/01- imt sdk/imt_sdk_win_64/imt_sdk_win_64/winavr/bin/../lib/gcc/avr/4.3.3/avr5\libgcc.a(_sf_to_si.o)
 .debug_line    0x00000911       0x90 e:/data-2/embedded systems/imt school/01- imt sdk-20220715t104333z-001/01- imt sdk/imt_sdk_win_64/imt_sdk_win_64/winavr/bin/../lib/gcc/avr/4.3.3/avr5\libgcc.a(_thenan_sf.o)
 .debug_line    0x000009a1      0x18a e:/data-2/embedded systems/imt school/01- imt sdk-20220715t104333z-001/01- imt sdk/imt_sdk_win_64/imt_sdk_win_64/winavr/bin/../lib/gcc/avr/4.3.3/avr5\libgcc.a(_pack_sf.o)
 .debug_line    0x00000b2b      0x14b e:/data-2/embedded systems/imt school/01- imt sdk-20220715t104333z-001/01- imt sdk/imt_sdk_win_64/imt_sdk_win_64/winavr/bin/../lib/gcc/avr/4.3.3/avr5\libgcc.a(_unpack_sf.o)
 .debug_line    0x00000c76      0x137 e:/data-2/embedded systems/imt school/01- imt sdk-20220715t104333z-001/01- imt sdk/imt_sdk_win_64/imt_sdk_win_64/winavr/bin/../lib/gcc/avr/4.3.3/avr5\libgcc.a(_fpcmp_parts_sf.o)

.debug_frame    0x00000000      0x160
 *(.debug_frame)
 .debug_frame   0x00000000       0x20 e:/data-2/embedded systems/imt school/01- imt sdk-20220715t104333z-001/01- imt sdk/imt_sdk_win_64/imt_sdk_win_64/winavr/bin/../lib/gcc/avr/4.3.3/avr5\libgcc.a(_fixunssfsi.o)
 .debug_frame   0x00000020       0x40 e:/data-2/embedded systems/imt school/01- imt sdk-20220715t104333z-001/01- imt sdk/imt_sdk_win_64/imt_sdk_win_64/winavr/bin/../lib/gcc/avr/4.3.3/avr5\libgcc.a(_addsub_sf.o)
 .debug_frame   0x00000060       0x20 e:/data-2/embedded systems/imt school/01- imt sdk-20220715t104333z-001/01- imt sdk/imt_sdk_win_64/imt_sdk_win_64/winavr/bin/../lib/gcc/avr/4.3.3/avr5\libgcc.a(_mul_sf.o)
 .debug_frame   0x00000080       0x20 e:/data-2/embedded systems/imt school/01- imt sdk-20220715t104333z-001/01- imt sdk/imt_sdk_win_64/imt_sdk_win_64/winavr/bin/../lib/gcc/avr/4.3.3/avr5\libgcc.a(_gt_sf.o)
 .debug_frame   0x000000a0       0x20 e:/data-2/embedded systems/imt school/01- imt sdk-20220715t104333z-001/01- imt sdk/imt_sdk_win_64/imt_sdk_win_64/winavr/bin/../lib/gcc/avr/4.3.3/avr5\libgcc.a(_ge_sf.o)
 .debug_frame   0x000000c0       0x20 e:/data-2/embedded systems/imt school/01- imt sdk-20220715t104333z-001/01- imt sdk/imt_sdk_win_64/imt_sdk_win_64/winavr/bin/../lib/gcc/avr/4.3.3/avr5\libgcc.a(_lt_sf.o)
 .debug_frame   0x000000e0       0x20 e:/data-2/embedded systems/imt school/01- imt sdk-20220715t104333z-001/01- imt sdk/imt_sdk_win_64/imt_sdk_win_64/winavr/bin/../lib/gcc/avr/4.3.3/avr5\libgcc.a(_sf_to_si.o)
 .debug_frame   0x00000100       0x20 e:/data-2/embedded systems/imt school/01- imt sdk-20220715t104333z-001/01- imt sdk/imt_sdk_win_64/imt_sdk_win_64/winavr/bin/../lib/gcc/avr/4.3.3/avr5\libgcc.a(_pack_sf.o)
 .debug_frame   0x00000120       0x20 e:/data-2/embedded systems/imt school/01- imt sdk-20220715t104333z-001/01- imt sdk/imt_sdk_win_64/imt_sdk_win_64/winavr/bin/../lib/gcc/avr/4.3.3/avr5\libgcc.a(_unpack_sf.o)
 .debug_frame   0x00000140       0x20 e:/data-2/embedded systems/imt school/01- imt sdk-20220715t104333z-001/01- imt sdk/imt_sdk_win_64/imt_sdk_win_64/winavr/bin/../lib/gcc/avr/4.3.3/avr5\libgcc.a(_fpcmp_parts_sf.o)

.debug_str      0x00000000      0x28d
 *(.debug_str)
 .debug_str     0x00000000       0xbf e:/data-2/embedded systems/imt school/01- imt sdk-20220715t104333z-001/01- imt sdk/imt_sdk_win_64/imt_sdk_win_64/winavr/bin/../lib/gcc/avr/4.3.3/avr5\libgcc.a(_fixunssfsi.o)
                                 0xfe (size before relaxing)
 .debug_str     0x000000bf      0x14d e:/data-2/embedded systems/imt school/01- imt sdk-20220715t104333z-001/01- imt sdk/imt_sdk_win_64/imt_sdk_win_64/winavr/bin/../lib/gcc/avr/4.3.3/avr5\libgcc.a(_addsub_sf.o)
                                0x206 (size before relaxing)
 .debug_str     0x0000020c       0x27 e:/data-2/embedded systems/imt school/01- imt sdk-20220715t104333z-001/01- imt sdk/imt_sdk_win_64/imt_sdk_win_64/winavr/bin/../lib/gcc/avr/4.3.3/avr5\libgcc.a(_mul_sf.o)
                                0x1bf (size before relaxing)
 .debug_str     0x00000233        0xf e:/data-2/embedded systems/imt school/01- imt sdk-20220715t104333z-001/01- imt sdk/imt_sdk_win_64/imt_sdk_win_64/winavr/bin/../lib/gcc/avr/4.3.3/avr5\libgcc.a(_gt_sf.o)
                                0x195 (size before relaxing)
 .debug_str     0x00000242        0x8 e:/data-2/embedded systems/imt school/01- imt sdk-20220715t104333z-001/01- imt sdk/imt_sdk_win_64/imt_sdk_win_64/winavr/bin/../lib/gcc/avr/4.3.3/avr5\libgcc.a(_ge_sf.o)
                                0x195 (size before relaxing)
 .debug_str     0x0000024a        0x8 e:/data-2/embedded systems/imt school/01- imt sdk-20220715t104333z-001/01- imt sdk/imt_sdk_win_64/imt_sdk_win_64/winavr/bin/../lib/gcc/avr/4.3.3/avr5\libgcc.a(_lt_sf.o)
                                0x195 (size before relaxing)
 .debug_str     0x00000252        0xa e:/data-2/embedded systems/imt school/01- imt sdk-20220715t104333z-001/01- imt sdk/imt_sdk_win_64/imt_sdk_win_64/winavr/bin/../lib/gcc/avr/4.3.3/avr5\libgcc.a(_sf_to_si.o)
                                0x19e (size before relaxing)
 .debug_str     0x00000000      0x103 e:/data-2/embedded systems/imt school/01- imt sdk-20220715t104333z-001/01- imt sdk/imt_sdk_win_64/imt_sdk_win_64/winavr/bin/../lib/gcc/avr/4.3.3/avr5\libgcc.a(_thenan_sf.o)
 .debug_str     0x0000025c       0x16 e:/data-2/embedded systems/imt school/01- imt sdk-20220715t104333z-001/01- imt sdk/imt_sdk_win_64/imt_sdk_win_64/winavr/bin/../lib/gcc/avr/4.3.3/avr5\libgcc.a(_pack_sf.o)
                                0x19d (size before relaxing)
 .debug_str     0x00000272        0xb e:/data-2/embedded systems/imt school/01- imt sdk-20220715t104333z-001/01- imt sdk/imt_sdk_win_64/imt_sdk_win_64/winavr/bin/../lib/gcc/avr/4.3.3/avr5\libgcc.a(_unpack_sf.o)
                                0x17f (size before relaxing)
 .debug_str     0x0000027d       0x10 e:/data-2/embedded systems/imt school/01- imt sdk-20220715t104333z-001/01- imt sdk/imt_sdk_win_64/imt_sdk_win_64/winavr/bin/../lib/gcc/avr/4.3.3/avr5\libgcc.a(_fpcmp_parts_sf.o)
                                0x163 (size before relaxing)

.debug_loc      0x00000000      0x7ce
 *(.debug_loc)
 .debug_loc     0x00000000       0x34 e:/data-2/embedded systems/imt school/01- imt sdk-20220715t104333z-001/01- imt sdk/imt_sdk_win_64/imt_sdk_win_64/winavr/bin/../lib/gcc/avr/4.3.3/avr5\libgcc.a(_fixunssfsi.o)
 .debug_loc     0x00000034      0x32a e:/data-2/embedded systems/imt school/01- imt sdk-20220715t104333z-001/01- imt sdk/imt_sdk_win_64/imt_sdk_win_64/winavr/bin/../lib/gcc/avr/4.3.3/avr5\libgcc.a(_addsub_sf.o)
 .debug_loc     0x0000035e      0x104 e:/data-2/embedded systems/imt school/01- imt sdk-20220715t104333z-001/01- imt sdk/imt_sdk_win_64/imt_sdk_win_64/winavr/bin/../lib/gcc/avr/4.3.3/avr5\libgcc.a(_mul_sf.o)
 .debug_loc     0x00000462       0x3c e:/data-2/embedded systems/imt school/01- imt sdk-20220715t104333z-001/01- imt sdk/imt_sdk_win_64/imt_sdk_win_64/winavr/bin/../lib/gcc/avr/4.3.3/avr5\libgcc.a(_gt_sf.o)
 .debug_loc     0x0000049e       0x3c e:/data-2/embedded systems/imt school/01- imt sdk-20220715t104333z-001/01- imt sdk/imt_sdk_win_64/imt_sdk_win_64/winavr/bin/../lib/gcc/avr/4.3.3/avr5\libgcc.a(_ge_sf.o)
 .debug_loc     0x000004da       0x3c e:/data-2/embedded systems/imt school/01- imt sdk-20220715t104333z-001/01- imt sdk/imt_sdk_win_64/imt_sdk_win_64/winavr/bin/../lib/gcc/avr/4.3.3/avr5\libgcc.a(_lt_sf.o)
 .debug_loc     0x00000516       0x7e e:/data-2/embedded systems/imt school/01- imt sdk-20220715t104333z-001/01- imt sdk/imt_sdk_win_64/imt_sdk_win_64/winavr/bin/../lib/gcc/avr/4.3.3/avr5\libgcc.a(_sf_to_si.o)
 .debug_loc     0x00000594      0x13e e:/data-2/embedded systems/imt school/01- imt sdk-20220715t104333z-001/01- imt sdk/imt_sdk_win_64/imt_sdk_win_64/winavr/bin/../lib/gcc/avr/4.3.3/avr5\libgcc.a(_pack_sf.o)
 .debug_loc     0x000006d2       0xac e:/data-2/embedded systems/imt school/01- imt sdk-20220715t104333z-001/01- imt sdk/imt_sdk_win_64/imt_sdk_win_64/winavr/bin/../lib/gcc/avr/4.3.3/avr5\libgcc.a(_unpack_sf.o)
 .debug_loc     0x0000077e       0x50 e:/data-2/embedded systems/imt school/01- imt sdk-20220715t104333z-001/01- imt sdk/imt_sdk_win_64/imt_sdk_win_64/winavr/bin/../lib/gcc/avr/4.3.3/avr5\libgcc.a(_fpcmp_parts_sf.o)

.debug_macinfo
 *(.debug_macinfo)
OUTPUT(SMART-HOME.elf elf32-avr)
LOAD linker stubs

.debug_ranges   0x00000000       0x50
 .debug_ranges  0x00000000       0x50 e:/data-2/embedded systems/imt school/01- imt sdk-20220715t104333z-001/01- imt sdk/imt_sdk_win_64/imt_sdk_win_64/winavr/bin/../lib/gcc/avr/4.3.3/avr5\libgcc.a(_mul_sf.o)
